make -C lib/
make[1]: Entering directory `/home/hjkim/QUDA/quda_mobius/lib'
mpicxx			 -Wall -O3 -D__COMPUTE_CAPABILITY__=200 -DMULTI_GPU -DGPU_WILSON_DIRAC -DGPU_DOMAIN_WALL_DIRAC -DGPU_DIRECT -DNUMA_AFFINITY -I/usr/local/cuda-4.2/include -DQMP_COMMS -I/home/hjkim/SciDAC//SSE/install/qmp-2.3.1-BGPU/include -DHAVE_QIO -I/home/hjkim/SciDAC/scidac/install/qio-BGPU/include -I../include -Idslash_core -I. timer.cpp -c -o timer.o
mpicxx			 -Wall -O3 -D__COMPUTE_CAPABILITY__=200 -DMULTI_GPU -DGPU_WILSON_DIRAC -DGPU_DOMAIN_WALL_DIRAC -DGPU_DIRECT -DNUMA_AFFINITY -I/usr/local/cuda-4.2/include -DQMP_COMMS -I/home/hjkim/SciDAC//SSE/install/qmp-2.3.1-BGPU/include -DHAVE_QIO -I/home/hjkim/SciDAC/scidac/install/qio-BGPU/include -I../include -Idslash_core -I. malloc.cpp -c -o malloc.o
mpicxx			 -Wall -O3 -D__COMPUTE_CAPABILITY__=200 -DMULTI_GPU -DGPU_WILSON_DIRAC -DGPU_DOMAIN_WALL_DIRAC -DGPU_DIRECT -DNUMA_AFFINITY -I/usr/local/cuda-4.2/include -DQMP_COMMS -I/home/hjkim/SciDAC//SSE/install/qmp-2.3.1-BGPU/include -DHAVE_QIO -I/home/hjkim/SciDAC/scidac/install/qio-BGPU/include -I../include -Idslash_core -I. solver.cpp -c -o solver.o
mpicxx			 -Wall -O3 -D__COMPUTE_CAPABILITY__=200 -DMULTI_GPU -DGPU_WILSON_DIRAC -DGPU_DOMAIN_WALL_DIRAC -DGPU_DIRECT -DNUMA_AFFINITY -I/usr/local/cuda-4.2/include -DQMP_COMMS -I/home/hjkim/SciDAC//SSE/install/qmp-2.3.1-BGPU/include -DHAVE_QIO -I/home/hjkim/SciDAC/scidac/install/qio-BGPU/include -I../include -Idslash_core -I. inv_bicgstab_quda.cpp -c -o inv_bicgstab_quda.o
mpicxx			 -Wall -O3 -D__COMPUTE_CAPABILITY__=200 -DMULTI_GPU -DGPU_WILSON_DIRAC -DGPU_DOMAIN_WALL_DIRAC -DGPU_DIRECT -DNUMA_AFFINITY -I/usr/local/cuda-4.2/include -DQMP_COMMS -I/home/hjkim/SciDAC//SSE/install/qmp-2.3.1-BGPU/include -DHAVE_QIO -I/home/hjkim/SciDAC/scidac/install/qio-BGPU/include -I../include -Idslash_core -I. inv_cg_quda.cpp -c -o inv_cg_quda.o
mpicxx			 -Wall -O3 -D__COMPUTE_CAPABILITY__=200 -DMULTI_GPU -DGPU_WILSON_DIRAC -DGPU_DOMAIN_WALL_DIRAC -DGPU_DIRECT -DNUMA_AFFINITY -I/usr/local/cuda-4.2/include -DQMP_COMMS -I/home/hjkim/SciDAC//SSE/install/qmp-2.3.1-BGPU/include -DHAVE_QIO -I/home/hjkim/SciDAC/scidac/install/qio-BGPU/include -I../include -Idslash_core -I. inv_multi_cg_quda.cpp -c -o inv_multi_cg_quda.o
mpicxx			 -Wall -O3 -D__COMPUTE_CAPABILITY__=200 -DMULTI_GPU -DGPU_WILSON_DIRAC -DGPU_DOMAIN_WALL_DIRAC -DGPU_DIRECT -DNUMA_AFFINITY -I/usr/local/cuda-4.2/include -DQMP_COMMS -I/home/hjkim/SciDAC//SSE/install/qmp-2.3.1-BGPU/include -DHAVE_QIO -I/home/hjkim/SciDAC/scidac/install/qio-BGPU/include -I../include -Idslash_core -I. inv_gcr_quda.cpp -c -o inv_gcr_quda.o
mpicxx			 -Wall -O3 -D__COMPUTE_CAPABILITY__=200 -DMULTI_GPU -DGPU_WILSON_DIRAC -DGPU_DOMAIN_WALL_DIRAC -DGPU_DIRECT -DNUMA_AFFINITY -I/usr/local/cuda-4.2/include -DQMP_COMMS -I/home/hjkim/SciDAC//SSE/install/qmp-2.3.1-BGPU/include -DHAVE_QIO -I/home/hjkim/SciDAC/scidac/install/qio-BGPU/include -I../include -Idslash_core -I. inv_mr_quda.cpp -c -o inv_mr_quda.o
mpicxx			 -Wall -O3 -D__COMPUTE_CAPABILITY__=200 -DMULTI_GPU -DGPU_WILSON_DIRAC -DGPU_DOMAIN_WALL_DIRAC -DGPU_DIRECT -DNUMA_AFFINITY -I/usr/local/cuda-4.2/include -DQMP_COMMS -I/home/hjkim/SciDAC//SSE/install/qmp-2.3.1-BGPU/include -DHAVE_QIO -I/home/hjkim/SciDAC/scidac/install/qio-BGPU/include -I../include -Idslash_core -I. inv_mre.cpp -c -o inv_mre.o
mpicxx			 -Wall -O3 -D__COMPUTE_CAPABILITY__=200 -DMULTI_GPU -DGPU_WILSON_DIRAC -DGPU_DOMAIN_WALL_DIRAC -DGPU_DIRECT -DNUMA_AFFINITY -I/usr/local/cuda-4.2/include -DQMP_COMMS -I/home/hjkim/SciDAC//SSE/install/qmp-2.3.1-BGPU/include -DHAVE_QIO -I/home/hjkim/SciDAC/scidac/install/qio-BGPU/include -I../include -Idslash_core -I. interface_quda.cpp -c -o interface_quda.o
mpicxx			 -Wall -O3 -D__COMPUTE_CAPABILITY__=200 -DMULTI_GPU -DGPU_WILSON_DIRAC -DGPU_DOMAIN_WALL_DIRAC -DGPU_DIRECT -DNUMA_AFFINITY -I/usr/local/cuda-4.2/include -DQMP_COMMS -I/home/hjkim/SciDAC//SSE/install/qmp-2.3.1-BGPU/include -DHAVE_QIO -I/home/hjkim/SciDAC/scidac/install/qio-BGPU/include -I../include -Idslash_core -I. util_quda.cpp -c -o util_quda.o
mpicxx			 -Wall -O3 -D__COMPUTE_CAPABILITY__=200 -DMULTI_GPU -DGPU_WILSON_DIRAC -DGPU_DOMAIN_WALL_DIRAC -DGPU_DIRECT -DNUMA_AFFINITY -I/usr/local/cuda-4.2/include -DQMP_COMMS -I/home/hjkim/SciDAC//SSE/install/qmp-2.3.1-BGPU/include -DHAVE_QIO -I/home/hjkim/SciDAC/scidac/install/qio-BGPU/include -I../include -Idslash_core -I. hw_quda.cpp -c -o hw_quda.o
mpicxx			 -Wall -O3 -D__COMPUTE_CAPABILITY__=200 -DMULTI_GPU -DGPU_WILSON_DIRAC -DGPU_DOMAIN_WALL_DIRAC -DGPU_DIRECT -DNUMA_AFFINITY -I/usr/local/cuda-4.2/include -DQMP_COMMS -I/home/hjkim/SciDAC//SSE/install/qmp-2.3.1-BGPU/include -DHAVE_QIO -I/home/hjkim/SciDAC/scidac/install/qio-BGPU/include -I../include -Idslash_core -I. blas_cpu.cpp -c -o blas_cpu.o
mpicxx			 -Wall -O3 -D__COMPUTE_CAPABILITY__=200 -DMULTI_GPU -DGPU_WILSON_DIRAC -DGPU_DOMAIN_WALL_DIRAC -DGPU_DIRECT -DNUMA_AFFINITY -I/usr/local/cuda-4.2/include -DQMP_COMMS -I/home/hjkim/SciDAC//SSE/install/qmp-2.3.1-BGPU/include -DHAVE_QIO -I/home/hjkim/SciDAC/scidac/install/qio-BGPU/include -I../include -Idslash_core -I. clover_field.cpp -c -o clover_field.o
mpicxx			 -Wall -O3 -D__COMPUTE_CAPABILITY__=200 -DMULTI_GPU -DGPU_WILSON_DIRAC -DGPU_DOMAIN_WALL_DIRAC -DGPU_DIRECT -DNUMA_AFFINITY -I/usr/local/cuda-4.2/include -DQMP_COMMS -I/home/hjkim/SciDAC//SSE/install/qmp-2.3.1-BGPU/include -DHAVE_QIO -I/home/hjkim/SciDAC/scidac/install/qio-BGPU/include -I../include -Idslash_core -I. color_spinor_field.cpp -c -o color_spinor_field.o
mpicxx			 -Wall -O3 -D__COMPUTE_CAPABILITY__=200 -DMULTI_GPU -DGPU_WILSON_DIRAC -DGPU_DOMAIN_WALL_DIRAC -DGPU_DIRECT -DNUMA_AFFINITY -I/usr/local/cuda-4.2/include -DQMP_COMMS -I/home/hjkim/SciDAC//SSE/install/qmp-2.3.1-BGPU/include -DHAVE_QIO -I/home/hjkim/SciDAC/scidac/install/qio-BGPU/include -I../include -Idslash_core -I. cpu_color_spinor_field.cpp -c -o cpu_color_spinor_field.o
/usr/local/cuda-4.2/bin/nvcc  -O3 -D__COMPUTE_CAPABILITY__=200 -ftz=true -prec-div=false -prec-sqrt=false -DMULTI_GPU -DGPU_WILSON_DIRAC -DGPU_DOMAIN_WALL_DIRAC -DGPU_DIRECT -DNUMA_AFFINITY -arch=sm_20	   -I/usr/local/cuda-4.2/include -DQMP_COMMS -I/home/hjkim/SciDAC//SSE/install/qmp-2.3.1-BGPU/include -DHAVE_QIO -I/home/hjkim/SciDAC/scidac/install/qio-BGPU/include -I../include -Idslash_core -I. cuda_color_spinor_field.cu -c -o cuda_color_spinor_field.o
./pack_spinor.h(505): warning: variable "Nc" was declared but never referenced

./pack_spinor.h(505): warning: variable "Nc" was declared but never referenced

mpicxx			 -Wall -O3 -D__COMPUTE_CAPABILITY__=200 -DMULTI_GPU -DGPU_WILSON_DIRAC -DGPU_DOMAIN_WALL_DIRAC -DGPU_DIRECT -DNUMA_AFFINITY -I/usr/local/cuda-4.2/include -DQMP_COMMS -I/home/hjkim/SciDAC//SSE/install/qmp-2.3.1-BGPU/include -DHAVE_QIO -I/home/hjkim/SciDAC/scidac/install/qio-BGPU/include -I../include -Idslash_core -I. dirac.cpp -c -o dirac.o
mpicxx			 -Wall -O3 -D__COMPUTE_CAPABILITY__=200 -DMULTI_GPU -DGPU_WILSON_DIRAC -DGPU_DOMAIN_WALL_DIRAC -DGPU_DIRECT -DNUMA_AFFINITY -I/usr/local/cuda-4.2/include -DQMP_COMMS -I/home/hjkim/SciDAC//SSE/install/qmp-2.3.1-BGPU/include -DHAVE_QIO -I/home/hjkim/SciDAC/scidac/install/qio-BGPU/include -I../include -Idslash_core -I. lattice_field.cpp -c -o lattice_field.o
mpicxx			 -Wall -O3 -D__COMPUTE_CAPABILITY__=200 -DMULTI_GPU -DGPU_WILSON_DIRAC -DGPU_DOMAIN_WALL_DIRAC -DGPU_DIRECT -DNUMA_AFFINITY -I/usr/local/cuda-4.2/include -DQMP_COMMS -I/home/hjkim/SciDAC//SSE/install/qmp-2.3.1-BGPU/include -DHAVE_QIO -I/home/hjkim/SciDAC/scidac/install/qio-BGPU/include -I../include -Idslash_core -I. gauge_field.cpp -c -o gauge_field.o
mpicxx			 -Wall -O3 -D__COMPUTE_CAPABILITY__=200 -DMULTI_GPU -DGPU_WILSON_DIRAC -DGPU_DOMAIN_WALL_DIRAC -DGPU_DIRECT -DNUMA_AFFINITY -I/usr/local/cuda-4.2/include -DQMP_COMMS -I/home/hjkim/SciDAC//SSE/install/qmp-2.3.1-BGPU/include -DHAVE_QIO -I/home/hjkim/SciDAC/scidac/install/qio-BGPU/include -I../include -Idslash_core -I. cpu_gauge_field.cpp -c -o cpu_gauge_field.o
mpicxx			 -Wall -O3 -D__COMPUTE_CAPABILITY__=200 -DMULTI_GPU -DGPU_WILSON_DIRAC -DGPU_DOMAIN_WALL_DIRAC -DGPU_DIRECT -DNUMA_AFFINITY -I/usr/local/cuda-4.2/include -DQMP_COMMS -I/home/hjkim/SciDAC//SSE/install/qmp-2.3.1-BGPU/include -DHAVE_QIO -I/home/hjkim/SciDAC/scidac/install/qio-BGPU/include -I../include -Idslash_core -I. cuda_gauge_field.cpp -c -o cuda_gauge_field.o
mpicxx			 -Wall -O3 -D__COMPUTE_CAPABILITY__=200 -DMULTI_GPU -DGPU_WILSON_DIRAC -DGPU_DOMAIN_WALL_DIRAC -DGPU_DIRECT -DNUMA_AFFINITY -I/usr/local/cuda-4.2/include -DQMP_COMMS -I/home/hjkim/SciDAC//SSE/install/qmp-2.3.1-BGPU/include -DHAVE_QIO -I/home/hjkim/SciDAC/scidac/install/qio-BGPU/include -I../include -Idslash_core -I. dirac_clover.cpp -c -o dirac_clover.o
mpicxx			 -Wall -O3 -D__COMPUTE_CAPABILITY__=200 -DMULTI_GPU -DGPU_WILSON_DIRAC -DGPU_DOMAIN_WALL_DIRAC -DGPU_DIRECT -DNUMA_AFFINITY -I/usr/local/cuda-4.2/include -DQMP_COMMS -I/home/hjkim/SciDAC//SSE/install/qmp-2.3.1-BGPU/include -DHAVE_QIO -I/home/hjkim/SciDAC/scidac/install/qio-BGPU/include -I../include -Idslash_core -I. dirac_wilson.cpp -c -o dirac_wilson.o
mpicxx			 -Wall -O3 -D__COMPUTE_CAPABILITY__=200 -DMULTI_GPU -DGPU_WILSON_DIRAC -DGPU_DOMAIN_WALL_DIRAC -DGPU_DIRECT -DNUMA_AFFINITY -I/usr/local/cuda-4.2/include -DQMP_COMMS -I/home/hjkim/SciDAC//SSE/install/qmp-2.3.1-BGPU/include -DHAVE_QIO -I/home/hjkim/SciDAC/scidac/install/qio-BGPU/include -I../include -Idslash_core -I. dirac_staggered.cpp -c -o dirac_staggered.o
mpicxx			 -Wall -O3 -D__COMPUTE_CAPABILITY__=200 -DMULTI_GPU -DGPU_WILSON_DIRAC -DGPU_DOMAIN_WALL_DIRAC -DGPU_DIRECT -DNUMA_AFFINITY -I/usr/local/cuda-4.2/include -DQMP_COMMS -I/home/hjkim/SciDAC//SSE/install/qmp-2.3.1-BGPU/include -DHAVE_QIO -I/home/hjkim/SciDAC/scidac/install/qio-BGPU/include -I../include -Idslash_core -I. dirac_domain_wall.cpp -c -o dirac_domain_wall.o
mpicxx			 -Wall -O3 -D__COMPUTE_CAPABILITY__=200 -DMULTI_GPU -DGPU_WILSON_DIRAC -DGPU_DOMAIN_WALL_DIRAC -DGPU_DIRECT -DNUMA_AFFINITY -I/usr/local/cuda-4.2/include -DQMP_COMMS -I/home/hjkim/SciDAC//SSE/install/qmp-2.3.1-BGPU/include -DHAVE_QIO -I/home/hjkim/SciDAC/scidac/install/qio-BGPU/include -I../include -Idslash_core -I. dirac_twisted_mass.cpp -c -o dirac_twisted_mass.o
mpicxx			 -Wall -O3 -D__COMPUTE_CAPABILITY__=200 -DMULTI_GPU -DGPU_WILSON_DIRAC -DGPU_DOMAIN_WALL_DIRAC -DGPU_DIRECT -DNUMA_AFFINITY -I/usr/local/cuda-4.2/include -DQMP_COMMS -I/home/hjkim/SciDAC//SSE/install/qmp-2.3.1-BGPU/include -DHAVE_QIO -I/home/hjkim/SciDAC/scidac/install/qio-BGPU/include -I../include -Idslash_core -I. -DQUDA_HASH=\"cpu_arch=x86_64,gpu_arch=sm_20\" tune.cpp -c -o tune.o
mpicxx			 -Wall -O3 -D__COMPUTE_CAPABILITY__=200 -DMULTI_GPU -DGPU_WILSON_DIRAC -DGPU_DOMAIN_WALL_DIRAC -DGPU_DIRECT -DNUMA_AFFINITY -I/usr/local/cuda-4.2/include -DQMP_COMMS -I/home/hjkim/SciDAC//SSE/install/qmp-2.3.1-BGPU/include -DHAVE_QIO -I/home/hjkim/SciDAC/scidac/install/qio-BGPU/include -I../include -Idslash_core -I. fat_force_quda.cpp -c -o fat_force_quda.o
mpicxx			 -Wall -O3 -D__COMPUTE_CAPABILITY__=200 -DMULTI_GPU -DGPU_WILSON_DIRAC -DGPU_DOMAIN_WALL_DIRAC -DGPU_DIRECT -DNUMA_AFFINITY -I/usr/local/cuda-4.2/include -DQMP_COMMS -I/home/hjkim/SciDAC//SSE/install/qmp-2.3.1-BGPU/include -DHAVE_QIO -I/home/hjkim/SciDAC/scidac/install/qio-BGPU/include -I../include -Idslash_core -I. llfat_quda_itf.cpp -c -o llfat_quda_itf.o
/usr/local/cuda-4.2/bin/nvcc  -O3 -D__COMPUTE_CAPABILITY__=200 -ftz=true -prec-div=false -prec-sqrt=false -DMULTI_GPU -DGPU_WILSON_DIRAC -DGPU_DOMAIN_WALL_DIRAC -DGPU_DIRECT -DNUMA_AFFINITY -arch=sm_20	   -I/usr/local/cuda-4.2/include -DQMP_COMMS -I/home/hjkim/SciDAC//SSE/install/qmp-2.3.1-BGPU/include -DHAVE_QIO -I/home/hjkim/SciDAC/scidac/install/qio-BGPU/include -I../include -Idslash_core -I. clover_quda.cu -c -o clover_quda.o
/usr/local/cuda-4.2/bin/nvcc  -O3 -D__COMPUTE_CAPABILITY__=200 -ftz=true -prec-div=false -prec-sqrt=false -DMULTI_GPU -DGPU_WILSON_DIRAC -DGPU_DOMAIN_WALL_DIRAC -DGPU_DIRECT -DNUMA_AFFINITY -arch=sm_20	   -I/usr/local/cuda-4.2/include -DQMP_COMMS -I/home/hjkim/SciDAC//SSE/install/qmp-2.3.1-BGPU/include -DHAVE_QIO -I/home/hjkim/SciDAC/scidac/install/qio-BGPU/include -I../include -Idslash_core -I. dslash_quda.cu -c -o dslash_quda.o
/usr/local/cuda-4.2/bin/nvcc  -O3 -D__COMPUTE_CAPABILITY__=200 -ftz=true -prec-div=false -prec-sqrt=false -DMULTI_GPU -DGPU_WILSON_DIRAC -DGPU_DOMAIN_WALL_DIRAC -DGPU_DIRECT -DNUMA_AFFINITY -arch=sm_20	   -I/usr/local/cuda-4.2/include -DQMP_COMMS -I/home/hjkim/SciDAC//SSE/install/qmp-2.3.1-BGPU/include -DHAVE_QIO -I/home/hjkim/SciDAC/scidac/install/qio-BGPU/include -I../include -Idslash_core -I.  blas_quda.cu -c -o blas_quda.o
/usr/local/cuda-4.2/bin/nvcc  -O3 -D__COMPUTE_CAPABILITY__=200 -ftz=true -prec-div=false -prec-sqrt=false -DMULTI_GPU -DGPU_WILSON_DIRAC -DGPU_DOMAIN_WALL_DIRAC -DGPU_DIRECT -DNUMA_AFFINITY -arch=sm_20	   -I/usr/local/cuda-4.2/include -DQMP_COMMS -I/home/hjkim/SciDAC//SSE/install/qmp-2.3.1-BGPU/include -DHAVE_QIO -I/home/hjkim/SciDAC/scidac/install/qio-BGPU/include -I../include -Idslash_core -I. copy_quda.cu -c -o copy_quda.o
/usr/local/cuda-4.2/bin/nvcc  -O3 -D__COMPUTE_CAPABILITY__=200 -ftz=true -prec-div=false -prec-sqrt=false -DMULTI_GPU -DGPU_WILSON_DIRAC -DGPU_DOMAIN_WALL_DIRAC -DGPU_DIRECT -DNUMA_AFFINITY -arch=sm_20	   -I/usr/local/cuda-4.2/include -DQMP_COMMS -I/home/hjkim/SciDAC//SSE/install/qmp-2.3.1-BGPU/include -DHAVE_QIO -I/home/hjkim/SciDAC/scidac/install/qio-BGPU/include -I../include -Idslash_core -I.  reduce_quda.cu -c -o reduce_quda.o
mpicxx			 -Wall -O3 -D__COMPUTE_CAPABILITY__=200 -DMULTI_GPU -DGPU_WILSON_DIRAC -DGPU_DOMAIN_WALL_DIRAC -DGPU_DIRECT -DNUMA_AFFINITY -I/usr/local/cuda-4.2/include -DQMP_COMMS -I/home/hjkim/SciDAC//SSE/install/qmp-2.3.1-BGPU/include -DHAVE_QIO -I/home/hjkim/SciDAC/scidac/install/qio-BGPU/include -I../include -Idslash_core -I. face_buffer.cpp -c -o face_buffer.o
mpicxx			 -Wall -O3 -D__COMPUTE_CAPABILITY__=200 -DMULTI_GPU -DGPU_WILSON_DIRAC -DGPU_DOMAIN_WALL_DIRAC -DGPU_DIRECT -DNUMA_AFFINITY -I/usr/local/cuda-4.2/include -DQMP_COMMS -I/home/hjkim/SciDAC//SSE/install/qmp-2.3.1-BGPU/include -DHAVE_QIO -I/home/hjkim/SciDAC/scidac/install/qio-BGPU/include -I../include -Idslash_core -I. face_gauge.cpp -c -o face_gauge.o
mpicxx			 -Wall -O3 -D__COMPUTE_CAPABILITY__=200 -DMULTI_GPU -DGPU_WILSON_DIRAC -DGPU_DOMAIN_WALL_DIRAC -DGPU_DIRECT -DNUMA_AFFINITY -I/usr/local/cuda-4.2/include -DQMP_COMMS -I/home/hjkim/SciDAC//SSE/install/qmp-2.3.1-BGPU/include -DHAVE_QIO -I/home/hjkim/SciDAC/scidac/install/qio-BGPU/include -I../include -Idslash_core -I. comm_common.cpp -c -o comm_common.o
mpicxx			 -Wall -O3 -D__COMPUTE_CAPABILITY__=200 -DMULTI_GPU -DGPU_WILSON_DIRAC -DGPU_DOMAIN_WALL_DIRAC -DGPU_DIRECT -DNUMA_AFFINITY -I/usr/local/cuda-4.2/include -DQMP_COMMS -I/home/hjkim/SciDAC//SSE/install/qmp-2.3.1-BGPU/include -DHAVE_QIO -I/home/hjkim/SciDAC/scidac/install/qio-BGPU/include -I../include -Idslash_core -I. comm_qmp.cpp -c -o comm_qmp.o
mpicxx			 -Wall -O3 -D__COMPUTE_CAPABILITY__=200 -DMULTI_GPU -DGPU_WILSON_DIRAC -DGPU_DOMAIN_WALL_DIRAC -DGPU_DIRECT -DNUMA_AFFINITY -I/usr/local/cuda-4.2/include -DQMP_COMMS -I/home/hjkim/SciDAC//SSE/install/qmp-2.3.1-BGPU/include -DHAVE_QIO -I/home/hjkim/SciDAC/scidac/install/qio-BGPU/include -I../include -Idslash_core -I. numa_affinity.cpp -c -o numa_affinity.o
ar cru libquda.a timer.o malloc.o solver.o inv_bicgstab_quda.o inv_cg_quda.o inv_multi_cg_quda.o inv_gcr_quda.o inv_mr_quda.o inv_mre.o interface_quda.o util_quda.o hw_quda.o blas_cpu.o clover_field.o color_spinor_field.o cpu_color_spinor_field.o cuda_color_spinor_field.o dirac.o lattice_field.o gauge_field.o cpu_gauge_field.o cuda_gauge_field.o dirac_clover.o dirac_wilson.o dirac_staggered.o dirac_domain_wall.o dirac_twisted_mass.o tune.o fat_force_quda.o llfat_quda_itf.o clover_quda.o dslash_quda.o blas_quda.o copy_quda.o reduce_quda.o face_buffer.o face_gauge.o comm_common.o comm_qmp.o numa_affinity.o
make[1]: Leaving directory `/home/hjkim/QUDA/quda_mobius/lib'
make -C tests/
make[1]: Entering directory `/home/hjkim/QUDA/quda_mobius/tests'
mpicxx			 -Wall -O3 -D__COMPUTE_CAPABILITY__=200 -DMULTI_GPU -DGPU_WILSON_DIRAC -DGPU_DOMAIN_WALL_DIRAC -DGPU_DIRECT -DNUMA_AFFINITY -I/usr/local/cuda-4.2/include -DQMP_COMMS -I/home/hjkim/SciDAC//SSE/install/qmp-2.3.1-BGPU/include -DHAVE_QIO -I/home/hjkim/SciDAC/scidac/install/qio-BGPU/include -I../include -I.  su3_test.cpp -c -o su3_test.o
mpicxx			 -Wall -O3 -D__COMPUTE_CAPABILITY__=200 -DMULTI_GPU -DGPU_WILSON_DIRAC -DGPU_DOMAIN_WALL_DIRAC -DGPU_DIRECT -DNUMA_AFFINITY -I/usr/local/cuda-4.2/include -DQMP_COMMS -I/home/hjkim/SciDAC//SSE/install/qmp-2.3.1-BGPU/include -DHAVE_QIO -I/home/hjkim/SciDAC/scidac/install/qio-BGPU/include -I../include -I.  test_util.cpp -c -o test_util.o
mpicxx			 -Wall -O3 -D__COMPUTE_CAPABILITY__=200 -DMULTI_GPU -DGPU_WILSON_DIRAC -DGPU_DOMAIN_WALL_DIRAC -DGPU_DIRECT -DNUMA_AFFINITY -I/usr/local/cuda-4.2/include -DQMP_COMMS -I/home/hjkim/SciDAC//SSE/install/qmp-2.3.1-BGPU/include -DHAVE_QIO -I/home/hjkim/SciDAC/scidac/install/qio-BGPU/include -I../include -I.  misc.cpp -c -o misc.o
mpicxx			 -Wall -O3 -D__COMPUTE_CAPABILITY__=200 -DMULTI_GPU -DGPU_WILSON_DIRAC -DGPU_DOMAIN_WALL_DIRAC -DGPU_DIRECT -DNUMA_AFFINITY -I/usr/local/cuda-4.2/include -DQMP_COMMS -I/home/hjkim/SciDAC//SSE/install/qmp-2.3.1-BGPU/include -DHAVE_QIO -I/home/hjkim/SciDAC/scidac/install/qio-BGPU/include -I../include -I.  qio_util.cpp -c -o qio_util.o
mpicc			 -Wall -O3 -std=c99 -D__COMPUTE_CAPABILITY__=200 -DMULTI_GPU -DGPU_WILSON_DIRAC -DGPU_DOMAIN_WALL_DIRAC -DGPU_DIRECT -DNUMA_AFFINITY -I/usr/local/cuda-4.2/include -DQMP_COMMS -I/home/hjkim/SciDAC//SSE/install/qmp-2.3.1-BGPU/include -DHAVE_QIO -I/home/hjkim/SciDAC/scidac/install/qio-BGPU/include -I../include -I.  layout_hyper.c -c -o layout_hyper.o
layout_hyper.c:72:13: warning: ‘setup_qmp_grid’ defined but not used [-Wunused-function]
layout_hyper.c:92:13: warning: ‘setup_hyper_prime’ defined but not used [-Wunused-function]
mpicxx			 -Wall -O3 -D__COMPUTE_CAPABILITY__=200 -DMULTI_GPU -DGPU_WILSON_DIRAC -DGPU_DOMAIN_WALL_DIRAC -DGPU_DIRECT -DNUMA_AFFINITY -I/usr/local/cuda-4.2/include -DQMP_COMMS -I/home/hjkim/SciDAC//SSE/install/qmp-2.3.1-BGPU/include -DHAVE_QIO -I/home/hjkim/SciDAC/scidac/install/qio-BGPU/include -I../include -I.  gauge_qio.cpp -c -o gauge_qio.o
gauge_qio.cpp: In function ‘QIO_Reader* open_test_input(char*, int, int, char*)’:
gauge_qio.cpp:30:3: warning: too many arguments for format [-Wformat-extra-args]
gauge_qio.cpp: In function ‘QudaPrecision get_prec(QIO_Reader*)’:
gauge_qio.cpp:39:89: warning: deprecated conversion from string constant to ‘char*’ [-Wwrite-strings]
gauge_qio.cpp:39:89: warning: deprecated conversion from string constant to ‘char*’ [-Wwrite-strings]
gauge_qio.cpp:41:7: warning: unused variable ‘status’ [-Wunused-variable]
gauge_qio.cpp: In function ‘void read_gauge_field(char*, void**, QudaPrecision, int*, int, char**)’:
gauge_qio.cpp:90:22: warning: unused variable ‘provided’ [-Wunused-variable]
mpicxx			 -fPIC -L/usr/local/cuda-4.2/lib64 -lcudart -L/home/hjkim/SciDAC//SSE/install/qmp-2.3.1-BGPU/lib -lqmp -L/home/hjkim/SciDAC/scidac/install/qio-BGPU/lib -lqio -llime su3_test.o test_util.o misc.o qio_util.o layout_hyper.o gauge_qio.o ../lib/libquda.a -o su3_test -fPIC -L/usr/local/cuda-4.2/lib64 -lcudart -L/home/hjkim/SciDAC//SSE/install/qmp-2.3.1-BGPU/lib -lqmp -L/home/hjkim/SciDAC/scidac/install/qio-BGPU/lib -lqio -llime
/usr/local/cuda-4.2/bin/nvcc  -O3 -D__COMPUTE_CAPABILITY__=200 -ftz=true -prec-div=false -prec-sqrt=false -DMULTI_GPU -DGPU_WILSON_DIRAC -DGPU_DOMAIN_WALL_DIRAC -DGPU_DIRECT -DNUMA_AFFINITY -arch=sm_20	   -I/usr/local/cuda-4.2/include -DQMP_COMMS -I/home/hjkim/SciDAC//SSE/install/qmp-2.3.1-BGPU/include -DHAVE_QIO -I/home/hjkim/SciDAC/scidac/install/qio-BGPU/include -I../include -I.  blas_test.cu -c -o blas_test.o
mpicxx			 -fPIC -L/usr/local/cuda-4.2/lib64 -lcudart -L/home/hjkim/SciDAC//SSE/install/qmp-2.3.1-BGPU/lib -lqmp -L/home/hjkim/SciDAC/scidac/install/qio-BGPU/lib -lqio -llime blas_test.o test_util.o misc.o ../lib/libquda.a -o blas_test -fPIC -L/usr/local/cuda-4.2/lib64 -lcudart -L/home/hjkim/SciDAC//SSE/install/qmp-2.3.1-BGPU/lib -lqmp -L/home/hjkim/SciDAC/scidac/install/qio-BGPU/lib -lqio -llime
mpicxx			 -Wall -O3 -D__COMPUTE_CAPABILITY__=200 -DMULTI_GPU -DGPU_WILSON_DIRAC -DGPU_DOMAIN_WALL_DIRAC -DGPU_DIRECT -DNUMA_AFFINITY -I/usr/local/cuda-4.2/include -DQMP_COMMS -I/home/hjkim/SciDAC//SSE/install/qmp-2.3.1-BGPU/include -DHAVE_QIO -I/home/hjkim/SciDAC/scidac/install/qio-BGPU/include -I../include -I.  dslash_test.cpp -c -o dslash_test.o
mpicxx			 -Wall -O3 -D__COMPUTE_CAPABILITY__=200 -DMULTI_GPU -DGPU_WILSON_DIRAC -DGPU_DOMAIN_WALL_DIRAC -DGPU_DIRECT -DNUMA_AFFINITY -I/usr/local/cuda-4.2/include -DQMP_COMMS -I/home/hjkim/SciDAC//SSE/install/qmp-2.3.1-BGPU/include -DHAVE_QIO -I/home/hjkim/SciDAC/scidac/install/qio-BGPU/include -I../include -I.  wilson_dslash_reference.cpp -c -o wilson_dslash_reference.o
mpicxx			 -Wall -O3 -D__COMPUTE_CAPABILITY__=200 -DMULTI_GPU -DGPU_WILSON_DIRAC -DGPU_DOMAIN_WALL_DIRAC -DGPU_DIRECT -DNUMA_AFFINITY -I/usr/local/cuda-4.2/include -DQMP_COMMS -I/home/hjkim/SciDAC//SSE/install/qmp-2.3.1-BGPU/include -DHAVE_QIO -I/home/hjkim/SciDAC/scidac/install/qio-BGPU/include -I../include -I.  domain_wall_dslash_reference.cpp -c -o domain_wall_dslash_reference.o
mpicxx			 -fPIC -L/usr/local/cuda-4.2/lib64 -lcudart -L/home/hjkim/SciDAC//SSE/install/qmp-2.3.1-BGPU/lib -lqmp -L/home/hjkim/SciDAC/scidac/install/qio-BGPU/lib -lqio -llime dslash_test.o test_util.o wilson_dslash_reference.o domain_wall_dslash_reference.o misc.o qio_util.o layout_hyper.o gauge_qio.o ../lib/libquda.a -o dslash_test -fPIC -L/usr/local/cuda-4.2/lib64 -lcudart -L/home/hjkim/SciDAC//SSE/install/qmp-2.3.1-BGPU/lib -lqmp -L/home/hjkim/SciDAC/scidac/install/qio-BGPU/lib -lqio -llime
mpicxx			 -Wall -O3 -D__COMPUTE_CAPABILITY__=200 -DMULTI_GPU -DGPU_WILSON_DIRAC -DGPU_DOMAIN_WALL_DIRAC -DGPU_DIRECT -DNUMA_AFFINITY -I/usr/local/cuda-4.2/include -DQMP_COMMS -I/home/hjkim/SciDAC//SSE/install/qmp-2.3.1-BGPU/include -DHAVE_QIO -I/home/hjkim/SciDAC/scidac/install/qio-BGPU/include -I../include -I.  invert_test.cpp -c -o invert_test.o
mpicxx			 -Wall -O3 -D__COMPUTE_CAPABILITY__=200 -DMULTI_GPU -DGPU_WILSON_DIRAC -DGPU_DOMAIN_WALL_DIRAC -DGPU_DIRECT -DNUMA_AFFINITY -I/usr/local/cuda-4.2/include -DQMP_COMMS -I/home/hjkim/SciDAC//SSE/install/qmp-2.3.1-BGPU/include -DHAVE_QIO -I/home/hjkim/SciDAC/scidac/install/qio-BGPU/include -I../include -I.  blas_reference.cpp -c -o blas_reference.o
mpicxx			 -fPIC -L/usr/local/cuda-4.2/lib64 -lcudart -L/home/hjkim/SciDAC//SSE/install/qmp-2.3.1-BGPU/lib -lqmp -L/home/hjkim/SciDAC/scidac/install/qio-BGPU/lib -lqio -llime invert_test.o test_util.o wilson_dslash_reference.o domain_wall_dslash_reference.o blas_reference.o misc.o qio_util.o layout_hyper.o gauge_qio.o ../lib/libquda.a -o invert_test -fPIC -L/usr/local/cuda-4.2/lib64 -lcudart -L/home/hjkim/SciDAC//SSE/install/qmp-2.3.1-BGPU/lib -lqmp -L/home/hjkim/SciDAC/scidac/install/qio-BGPU/lib -lqio -llime
make[1]: Leaving directory `/home/hjkim/QUDA/quda_mobius/tests'
